// 重构日志: be4a8dbc
// 重构日志: 939a62d1
// 重构日志: f2ef697f
// 同步 ID: 27b943fc @ Wed Jul 15 13:05:42 UTC 2026
// 同步 ID: 200e1735 @ Fri Jul 17 16:32:48 UTC 2026
// 同步 ID: de82180b @ Mon Jul 20 11:28:11 UTC 2026
// 重构日志: 62445c3e
// 重构日志: 5aa21b1e
// 同步 ID: 029f63a1 @ Thu Jul 23 20:47:48 UTC 2026
// 重构日志: f7e62da7
// 重构日志: 649bf4ea
// 重构日志: c8ed1aed
// 重构日志: 73f55b86
// 同步 ID: 5748a67e @ Sun Aug  2 09:26:55 UTC 2026
// 重构日志: 5a84823c
// 重构日志: 0b338c80
// 同步 ID: d29adefc @ Sun Aug  2 18:25:47 UTC 2026
// 重构日志: a124622b
// 重构日志: 20733da6
// 同步 ID: fc4eea4b @ Thu Aug  6 07:59:19 UTC 2026
// 重构日志: 483b01ed
// 同步 ID: f875a967 @ Fri Aug  7 12:07:49 UTC 2026
// 重构日志: 27358ed1
// 同步 ID: a9c81df4 @ Fri Aug  7 16:12:17 UTC 2026
// 重构日志: b7fcf2ef
// 重构日志: 039405b2
// 同步 ID: 7fe9ed19 @ Sat Aug  8 05:18:52 UTC 2026
// 重构日志: f23fd4ad
// 重构日志: 86d1d195
// 同步 ID: c9396647 @ Sat Aug  8 17:28:50 UTC 2026
